m.djspeedsick.com/
├── .m.djspeedsick.com.bak/
│   ├── lib.v1.bak/
│   │   └── [31mbutterchurn.js[0m [90mUNUSED[0m
│   ├── modes.v1.bak/
│   │   ├── [31mmode1.v1.bak.js[0m [90mUNUSED[0m
│   │   ├── [31mmode2.v1.bak.js[0m [90mUNUSED[0m
│   │   ├── [31mmode3.v1.bak.js[0m [90mUNUSED[0m
│   │   ├── [31mmode4.v1.bak.js[0m [90mUNUSED[0m
│   │   ├── [31mmode5.v1.bak.js[0m [90mUNUSED[0m
│   │   ├── [31mmode6.v1.bak.js[0m [90mUNUSED[0m
│   │   ├── [31mmode7.v1.bak.js[0m [90mUNUSED[0m
│   │   ├── [31mmode8.v1.bak.js[0m [90mUNUSED[0m
│   │   └── [31mmodes_core.v1.bak.js[0m [90mUNUSED[0m
│   ├── [31m.DS_Store[0m [90mUNUSED[0m
│   ├── [31m.gitattributes.v1.bak[0m [90mUNUSED[0m
│   ├── [31m.gitignore.v1.bak[0m [90mUNUSED[0m
│   ├── [31mA.v1.bak[0m [90mUNUSED[0m
│   ├── [31mCNAME.v1.bak[0m [90mUNUSED[0m
│   ├── [31mengine.v1.bak.js[0m [90mUNUSED[0m
│   ├── [31mindex.v1.bak.html[0m [90mUNUSED[0m
│   └── [31mplayer.v1.bak.js[0m [90mUNUSED[0m
├── files/
│   ├── aud/
│   │   ├── old/
│   │   │   ├── [31ma_cut_001.mp3[0m [90mUNUSED[0m
│   │   │   ├── [31ma_cut_002.mp3[0m [90mUNUSED[0m
│   │   │   ├── [31ma_cut_003.mp3[0m [90mUNUSED[0m
│   │   │   ├── [31ma_cut_004.mp3[0m [90mUNUSED[0m
│   │   │   ├── [31mcl_sample_001.mp3[0m [90mUNUSED[0m
│   │   │   ├── [31mexif.old.log[0m [90mUNUSED[0m
│   │   │   ├── [31mm-audio-001.mp3[0m [90mUNUSED[0m
│   │   │   ├── [31mm-audio-002.mp3[0m [90mUNUSED[0m
│   │   │   ├── [31mm-audio-003.mp3[0m [90mUNUSED[0m
│   │   │   ├── [31mm-audio-004.mp3[0m [90mUNUSED[0m
│   │   │   ├── [31mm-audio-005.mp3[0m [90mUNUSED[0m
│   │   │   ├── [31mm-audio-006.mp3[0m [90mUNUSED[0m
│   │   │   ├── [31mmisc_unreleased_full_001.mp3[0m [90mUNUSED[0m
│   │   │   ├── [31mmisc_unreleased_full_002.mp3[0m [90mUNUSED[0m
│   │   │   ├── [31mmisc_unreleased_full_003.mp3[0m [90mUNUSED[0m
│   │   │   ├── [31mmisc_unreleased_full_004.mp3[0m [90mUNUSED[0m
│   │   │   ├── [31mmisc_unreleased_full_005.mp3[0m [90mUNUSED[0m
│   │   │   ├── [31mr&r_001.mp3[0m [90mUNUSED[0m
│   │   │   ├── [31mr&r_002.mp3[0m [90mUNUSED[0m
│   │   │   └── [31mr&r_003.mp3[0m [90mUNUSED[0m
│   │   ├── prev/
│   │   ├── [31m.DS_Store[0m [90mUNUSED[0m
│   │   ├── [31m03E3691536C6BA48AF8DFCC98E2F86B5.mp3[0m [90mUNUSED[0m
│   │   ├── [31m0483134AF52BA2620ACEBB15DB3A915C.mp3[0m [90mUNUSED[0m
│   │   ├── [31m064EBB45E969268D1D565945FD30349E.mp3[0m [90mUNUSED[0m
│   │   ├── [31m07DEB83DB6B0B0A8D8D68A8E59997FBE.mp3[0m [90mUNUSED[0m
│   │   ├── [31m08AD2547744653E97D82E9C817DE5743.mp3[0m [90mUNUSED[0m
│   │   ├── [31m0AA968CC9BD87190A5B9B68B785D2279.mp3[0m [90mUNUSED[0m
│   │   ├── [31m0ABFAF89FA92B3BB033896DE4E7FCA0D.mp3[0m [90mUNUSED[0m
│   │   ├── [31m0DDE9002290A4E4B24ED7A3762742882.mp3[0m [90mUNUSED[0m
│   │   ├── [31m0FC3589586CCC0BF1801003DA500D379.mp3[0m [90mUNUSED[0m
│   │   ├── [31m11087AC44773380786D4C743B9A16255.mp3[0m [90mUNUSED[0m
│   │   ├── [31m16D2D7DDC50EEA8DE22BC558FE94CA7C.mp3[0m [90mUNUSED[0m
│   │   ├── [31m17928CB3FCBF55F83A4A8357997CFD86.mp3[0m [90mUNUSED[0m
│   │   ├── [31m18487DFF8C4C2634163E432841DB0465.mp3[0m [90mUNUSED[0m
│   │   ├── [31m18BE5DD7A3F6377EFBFC17C69B9B2D01.mp3[0m [90mUNUSED[0m
│   │   ├── [31m1AE89282F333F68DE3E6E1E060267354.mp3[0m [90mUNUSED[0m
│   │   ├── [31m2025.12.22.13.03.53.m4a[0m [90mUNUSED[0m
│   │   ├── [31m2025.12.22.23.57.12.m4a[0m [90mUNUSED[0m
│   │   ├── [31m20866A99F01106A03D3233F9C05D95A9.mp3[0m [90mUNUSED[0m
│   │   ├── [31m243298B4071340A943CB0E7D017EA6C9.mp3[0m [90mUNUSED[0m
│   │   ├── [31m247EE96D14D10CA14943FA7E4EEED939.mp3[0m [90mUNUSED[0m
│   │   ├── [31m26980531EFFFF7ABD7AFDFE810F0FD82.mp3[0m [90mUNUSED[0m
│   │   ├── [31m27A1B7EAFD0C4E57E3C40768BB650D9F.mp3[0m [90mUNUSED[0m
│   │   ├── [31m27E4BEA66F762A27DE57848805EE54C7.mp3[0m [90mUNUSED[0m
│   │   ├── [31m27F631709AB5D4B98EFEB2F2123B480E.mp3[0m [90mUNUSED[0m
│   │   ├── [31m29673E60F28FEE11FDEF7CFD0649B322.mp3[0m [90mUNUSED[0m
│   │   ├── [31m2A46CD871B3981D295AEC54A89510D1B.mp3[0m [90mUNUSED[0m
│   │   ├── [31m2AA6F4B8AB6BB06453130DF8CBA94DA2.mp3[0m [90mUNUSED[0m
│   │   ├── [31m2AE5178DB148A0BC8B526AF58DC01CE1.mp3[0m [90mUNUSED[0m
│   │   ├── [31m2FA5970034ACE456608F2F131D294997.mp3[0m [90mUNUSED[0m
│   │   ├── [31m310EE418F2292D7FD44699BFA2268F64.mp3[0m [90mUNUSED[0m
│   │   ├── [31m317D2E7B4AC8260CC6C619AC1FF3608C.mp3[0m [90mUNUSED[0m
│   │   ├── [31m318B51064AFC6C0670AD1763E03AD8F0.mp3[0m [90mUNUSED[0m
│   │   ├── [31m33A5872F03C9054F4CEEA4AA4DBF521B.mp3[0m [90mUNUSED[0m
│   │   ├── [31m33B7DD40813B21DD0EA08BBE9BF922A3.mp3[0m [90mUNUSED[0m
│   │   ├── [31m35B0A8FA3022F14B19593E81836B46F9.mp3[0m [90mUNUSED[0m
│   │   ├── [31m3602C77742718963398198A053F611ED.mp3[0m [90mUNUSED[0m
│   │   ├── [31m36CE8795F7535025C147D1AE2E7BC797.mp3[0m [90mUNUSED[0m
│   │   ├── [31m36F828D41D92B132B01A9040EE5F4BD8.mp3[0m [90mUNUSED[0m
│   │   ├── [31m383D1BE8FB94587FB5E78769FFA91920.mp3[0m [90mUNUSED[0m
│   │   ├── [31m39AAC690F5D2A33F910EEFCD1F45DECC.mp3[0m [90mUNUSED[0m
│   │   ├── [31m39E0EE37FA1E5C181E12A468DE1FCBF3.mp3[0m [90mUNUSED[0m
│   │   ├── [31m3BF8831733B842D93AE7D3AC005914AF.mp3[0m [90mUNUSED[0m
│   │   ├── [31m3DC04F68AA24852F850E99253C107C87.mp3[0m [90mUNUSED[0m
│   │   ├── [31m3E6ABE35DF44BD5379A027B14611B892.mp3[0m [90mUNUSED[0m
│   │   ├── [31m3F53B00F9D7C777C854B87DF0DBE8763.mp3[0m [90mUNUSED[0m
│   │   ├── [31m41620FFDDC404A9962F4FCBD731629DE.mp3[0m [90mUNUSED[0m
│   │   ├── [31m44D0F06CA9A7920591A56CEB9357BE93.mp3[0m [90mUNUSED[0m
│   │   ├── [31m45DDCD3C199CEE7B7895CE42B005AF7E.mp3[0m [90mUNUSED[0m
│   │   ├── [31m45DE0E0F869545D7ACCC5962F37EC4ED.mp3[0m [90mUNUSED[0m
│   │   ├── [31m45F757303B512D0F5F8FE7F4A45301A4.mp3[0m [90mUNUSED[0m
│   │   ├── [31m46DE77E391118E57584A1DA6E9958D26.mp3[0m [90mUNUSED[0m
│   │   ├── [31m4918199D0DD98EA88A451374A35FF02E.mp3[0m [90mUNUSED[0m
│   │   ├── [31m49451AF9739EA82CA89B82DA9813F664.mp3[0m [90mUNUSED[0m
│   │   ├── [31m4ABE709D3D395A34A5BEABB3DD9502C5.mp3[0m [90mUNUSED[0m
│   │   ├── [31m4B728F3BB5865F52379DADAA48C05A6B.mp3[0m [90mUNUSED[0m
│   │   ├── [31m4C7F53B035D9C03BA0ECEF1384815D66.mp3[0m [90mUNUSED[0m
│   │   ├── [31m4DEB3179BC24D20C751AC18E9701A89F.mp3[0m [90mUNUSED[0m
│   │   ├── [31m4F9087DF4AF056BE34FAC03C5AF429DD.mp3[0m [90mUNUSED[0m
│   │   ├── [31m5073A74FCB39AD8C70E05761DC0C5D4A.mp3[0m [90mUNUSED[0m
│   │   ├── [31m50B13137C26D06A5BDE0E3949508A48B.mp3[0m [90mUNUSED[0m
│   │   ├── [31m5304069DE9E031CBFFCF66988EAEF9A5.mp3[0m [90mUNUSED[0m
│   │   ├── [31m536145E15D9D84BC8DA695A54BD7AADF.mp3[0m [90mUNUSED[0m
│   │   ├── [31m57CD756692E1C3D8EC7D58D0561F4D57.mp3[0m [90mUNUSED[0m
│   │   ├── [31m580BF7E11A76214A6EC18D19E8999358.mp3[0m [90mUNUSED[0m
│   │   ├── [31m58B5AD1EBFAC1AC6D5C89D7601658BAD.mp3[0m [90mUNUSED[0m
│   │   ├── [31m592DF673F62D2DB2739ACAD11CB4EE21.mp3[0m [90mUNUSED[0m
│   │   ├── [31m5978BEEB0C05AB4BB95EF6D516582E7E.mp3[0m [90mUNUSED[0m
│   │   ├── [31m606A2DDFC6009B4BBA8EC1F5CFA59F58.mp3[0m [90mUNUSED[0m
│   │   ├── [31m6079450EC8B657B581FFAD9E6ED59805.mp3[0m [90mUNUSED[0m
│   │   ├── [31m6463294F3707080DE8A0017E5405C1DC.mp3[0m [90mUNUSED[0m
│   │   ├── [31m658119A498E107B76B899DB21BEDEE39.mp3[0m [90mUNUSED[0m
│   │   ├── [31m66CF005781CC5028B7EAA90E6473944A.mp3[0m [90mUNUSED[0m
│   │   ├── [31m68351EAB435ECCD04176CE819578B4F8.mp3[0m [90mUNUSED[0m
│   │   ├── [31m69E8FAAD90E6D164367FF0A4B338EA72.mp3[0m [90mUNUSED[0m
│   │   ├── [31m6ADD2F809E6430AFD07C77642ABCB0F1.mp3[0m [90mUNUSED[0m
│   │   ├── [31m6E1B9287B01F96CFBD0695F8FF817A3B.mp3[0m [90mUNUSED[0m
│   │   ├── [31m71BDD33125193A99F82CAE0E36C4DB9A.mp3[0m [90mUNUSED[0m
│   │   ├── [31m798D5D4408E516A2BC2448FD17B04133.mp3[0m [90mUNUSED[0m
│   │   ├── [31m7B1B519AF556B05F264968E28F6F0216.mp3[0m [90mUNUSED[0m
│   │   ├── [31m7BE3A354CA509ACF10C8E3DD66C0083D.mp3[0m [90mUNUSED[0m
│   │   ├── [31m7D0115E171D0091A56726E3A8B48B20F.mp3[0m [90mUNUSED[0m
│   │   ├── [31m7FF2C0B5099003B7B5A33DFF3C6CF173.mp3[0m [90mUNUSED[0m
│   │   ├── [31m84027A903956724A5651D39835072C18.mp3[0m [90mUNUSED[0m
│   │   ├── [31m852B5DD09E041D31A9BAD05DE613B0D3.mp3[0m [90mUNUSED[0m
│   │   ├── [31m86A0763644FADACCD0ACE940FDC857A9.mp3[0m [90mUNUSED[0m
│   │   ├── [31m87D11F507509CDCD6510E9B4EB36D766.mp3[0m [90mUNUSED[0m
│   │   ├── [31m8945F0A3756272267754771554554B34.mp3[0m [90mUNUSED[0m
│   │   ├── [31m894E931B2B56F0C9376E163D2F75F729.mp3[0m [90mUNUSED[0m
│   │   ├── [31m8E4D1BC45A0BCC05E87D9C36A8E79920.mp3[0m [90mUNUSED[0m
│   │   ├── [31m92CA78BF53C61B648E29C7BDDE5B87D3.mp3[0m [90mUNUSED[0m
│   │   ├── [31m950B4C997A71FCB7277210530A0E3FA3.mp3[0m [90mUNUSED[0m
│   │   ├── [31m9607A8A32512A63B537219951FF54E01.mp3[0m [90mUNUSED[0m
│   │   ├── [31m97BEBB8CF7A87669D088FFEB5716E5BC.mp3[0m [90mUNUSED[0m
│   │   ├── [31m986C35305171DCF5A5C5FD9C7EBD53CA.mp3[0m [90mUNUSED[0m
│   │   ├── [31m98752B0343A31FB430B5801A29109D11.mp3[0m [90mUNUSED[0m
│   │   ├── [31m9BEBE2CEE7580C18835DE13E3076C8AC.mp3[0m [90mUNUSED[0m
│   │   ├── [31m9D6AF0426F8C4A4E2BF7ADC86098739B.mp3[0m [90mUNUSED[0m
│   │   ├── [31m9F1540711B6930B1192C45480087020F.mp3[0m [90mUNUSED[0m
│   │   ├── [31mA16EAA32BE2AFAC1ADFE0610990BEFF1.mp3[0m [90mUNUSED[0m
│   │   ├── [31mA4201865185110C75FD3FCF5DB4EF6C5.mp3[0m [90mUNUSED[0m
│   │   ├── [31mA441328B6F4C0EB0119F4F3D7497A002.mp3[0m [90mUNUSED[0m
│   │   ├── [31mA582DC5DD937E6DC0467BA640F20ADE9.mp3[0m [90mUNUSED[0m
│   │   ├── [31mABAF59CC8FE88766AE1A09408BB8E0E6.mp3[0m [90mUNUSED[0m
│   │   ├── [31mACEE449D4A3802F6B6CA78323DE93F81.mp3[0m [90mUNUSED[0m
│   │   ├── [31mACNE_COATEDDENIM_CUT4.m4a[0m [90mUNUSED[0m
│   │   ├── [31mACNE_DARKSIDE_CUT5V2.m4a[0m [90mUNUSED[0m
│   │   ├── [31mACNE_SHERLING_CUT2.m4a[0m [90mUNUSED[0m
│   │   ├── [31mACNE_SHERLING_CUT3.m4a[0m [90mUNUSED[0m
│   │   ├── [31mACNE_TEASER_CUT1.m4a[0m [90mUNUSED[0m
│   │   ├── [31mAD5EAB71FC2017FDD3D4CB0BB127637D.mp3[0m [90mUNUSED[0m
│   │   ├── [31mAF7B79C1ED865E92E6F00DE6D043B72B.mp3[0m [90mUNUSED[0m
│   │   ├── [31maudio.txt[0m [90mUNUSED[0m
│   │   ├── [31mB06E0D03F4A18158C1A0A49C765DB3F4.mp3[0m [90mUNUSED[0m
│   │   ├── [31mB07202F69BAF3D0B6A393851400FE363.mp3[0m [90mUNUSED[0m
│   │   ├── [31mB1B6C3D02B454C96C26497A7021F2B38.mp3[0m [90mUNUSED[0m
│   │   ├── [31mB1D9EF2694B6B789FFD09529FF5DCA66.mp3[0m [90mUNUSED[0m
│   │   ├── [31mB25914335C15F242C4848CFD373F5108.mp3[0m [90mUNUSED[0m
│   │   ├── [31mB53CA04AE89538F8DA6D4304C27631C1.mp3[0m [90mUNUSED[0m
│   │   ├── [31mB55448D07B81CEB64624EDDE9D0C09B3.mp3[0m [90mUNUSED[0m
│   │   ├── [31mB7653D0543717E91971119FF899358A6.mp3[0m [90mUNUSED[0m
│   │   ├── [31mB834C893DC001DEDD88F98388BE98240.mp3[0m [90mUNUSED[0m
│   │   ├── [31mB9CF83C6B45D311908F303B6F8847BC8.mp3[0m [90mUNUSED[0m
│   │   ├── [31mBB4C7A5591802B4A22F8C48610B55D9E.mp3[0m [90mUNUSED[0m
│   │   ├── [31mBF9721AD910D20E777CD1D02280CEB99.mp3[0m [90mUNUSED[0m
│   │   ├── [31mC0919F3C7A7793289C84D4A7D025A65A.mp3[0m [90mUNUSED[0m
│   │   ├── [31mC0F75F93B9167870E9A9E91F27D6D8A2.mp3[0m [90mUNUSED[0m
│   │   ├── [31mC2B01E11AF2143A1E7D6924E7798357D.mp3[0m [90mUNUSED[0m
│   │   ├── [31mCE7E562CC8AE07796DF24DBEA80FFC8B.mp3[0m [90mUNUSED[0m
│   │   ├── [31mCFA3A3216F9E2814585A7D133F44F80C.mp3[0m [90mUNUSED[0m
│   │   ├── [31mD00235E5178CF482DDC0EF2EF3F8DF5D.mp3[0m [90mUNUSED[0m
│   │   ├── [31mD0B4E5FB6DBB45CEF4185F1928299F65.mp3[0m [90mUNUSED[0m
│   │   ├── [31mD25018ABDAC29E99948B33EE90BD4A25.mp3[0m [90mUNUSED[0m
│   │   ├── [31mD31410554C0EA38E4BD658AEA406752E.mp3[0m [90mUNUSED[0m
│   │   ├── [31mD66F22E8249C653DAB514FC1B99CB812.mp3[0m [90mUNUSED[0m
│   │   ├── [31mD730DC33143113BCDB943E23290D287F.mp3[0m [90mUNUSED[0m
│   │   ├── [31mDBA7B9853DCDCB3B78547B621A3BFC94.mp3[0m [90mUNUSED[0m
│   │   ├── [31mDC02F0B59DA4B9BBC6741B7C7BC5E0F9.mp3[0m [90mUNUSED[0m
│   │   ├── [31mDD7982EC064DFA0D0D56F777356563C8.mp3[0m [90mUNUSED[0m
│   │   ├── [31mDF4FB1E4144CF5BCE22D34B702C3A624.mp3[0m [90mUNUSED[0m
│   │   ├── [31mDF630276A33CB1FDE3E88099334444A6.mp3[0m [90mUNUSED[0m
│   │   ├── [31mE083277213AC239C15C30DC9EEAFA239.mp3[0m [90mUNUSED[0m
│   │   ├── [31mE2EECFB5DC17ADA9ADFB58FD98008A15.mp3[0m [90mUNUSED[0m
│   │   ├── [31mE7B8C874C5A8ADC357A6CC35DD363F47.mp3[0m [90mUNUSED[0m
│   │   ├── [31mE873A48981FB615E15E13F05602CE3F4.mp3[0m [90mUNUSED[0m
│   │   ├── [31mE8AAA8E839EAAB0C05B531F517521726.mp3[0m [90mUNUSED[0m
│   │   ├── [31mEE500C3F7134F2CD1E5B6CB00C964FAC.mp3[0m [90mUNUSED[0m
│   │   ├── [31mEEBD631AAAA8C8C9B3DD09DA1A4FD837.mp3[0m [90mUNUSED[0m
│   │   ├── [31mexif.aud.log[0m [90mUNUSED[0m
│   │   ├── [31mexiftool.aud.log[0m [90mUNUSED[0m
│   │   ├── [31mF51FF77FF3BBB4010BA767C5F55834DB.mp3[0m [90mUNUSED[0m
│   │   ├── [31mF5771CE81AA3E10A269575B79EF66944.mp3[0m [90mUNUSED[0m
│   │   ├── [31mF68EF9FCC92808BC50D293B2642824E4.mp3[0m [90mUNUSED[0m
│   │   ├── [31mF7548A5B5BABA9243DE25A998500951B.mp3[0m [90mUNUSED[0m
│   │   ├── [31mF7DCFAFC92AF08EBCC4BADA650126654.mp3[0m [90mUNUSED[0m
│   │   ├── [31mFB23415943B1729A5BC85D52F05E2DEE.mp3[0m [90mUNUSED[0m
│   │   ├── [31mFB543724C87E3692B510C82A3385AC44.mp3[0m [90mUNUSED[0m
│   │   ├── [31mFCCA915F20E7312DA37F901D3492E9B8.mp3[0m [90mUNUSED[0m
│   │   ├── [31mFCF058FAF0C222B57D8284AD3E4B29F5.mp3[0m [90mUNUSED[0m
│   │   ├── [31mFE739E5D62BBEE2652FA0B53231AA333.mp3[0m [90mUNUSED[0m
│   │   ├── [31mFF3292518DB2E5ADE279029997865575.mp3[0m [90mUNUSED[0m
│   │   ├── [31mFFC7E7F97F2936636B268947653D9068.mp3[0m [90mUNUSED[0m
│   │   ├── [31mGABBER_CLIP.m4a[0m [90mUNUSED[0m
│   │   ├── [31mjump.mp3[0m [90mUNUSED[0m
│   │   ├── [31mMARGIELA_V1.0.m4a[0m [90mUNUSED[0m
│   │   ├── [31mMARGIELA_V2.0.m4a[0m [90mUNUSED[0m
│   │   ├── [31mNIKE-1x.m4a[0m [90mUNUSED[0m
│   │   ├── [31mNIKE-2.m4a[0m [90mUNUSED[0m
│   │   ├── [31mNIKE-3.m4a[0m [90mUNUSED[0m
│   │   ├── [31mOP3-v1.m4a[0m [90mUNUSED[0m
│   │   ├── [31mOP3-v2dubbed.m4a[0m [90mUNUSED[0m
│   │   ├── [31mPOP_PUNK_CLIP.m4a[0m [90mUNUSED[0m
│   │   ├── [31mportfolio.html[0m [90mUNUSED[0m
│   │   ├── [31mtracks.txt[0m [90mUNUSED[0m
│   │   └── [31mTRAP_FRAGMENT.m4a[0m [90mUNUSED[0m
│   ├── font/
│   │   ├── [31mexif.font.log[0m [90mUNUSED[0m
│   │   ├── [31mGGX88Bk-Italic.woff[0m [90mUNUSED[0m
│   │   ├── [31mGGX88Bk-Italic.woff2[0m [90mUNUSED[0m
│   │   ├── [31mGGX88Bk-Regular.woff[0m [90mUNUSED[0m
│   │   ├── [31mGGX88Bk-Regular.woff2[0m [90mUNUSED[0m
│   │   ├── [31mGGX88El-Italic.woff[0m [90mUNUSED[0m
│   │   ├── [31mGGX88El-Italic.woff2[0m [90mUNUSED[0m
│   │   ├── [31mGGX88El-Regular.woff[0m [90mUNUSED[0m
│   │   ├── [31mGGX88El-Regular.woff2[0m [90mUNUSED[0m
│   │   ├── [31mGGX88Hv-Italic.woff[0m [90mUNUSED[0m
│   │   ├── [31mGGX88Hv-Italic.woff2[0m [90mUNUSED[0m
│   │   ├── [31mGGX88Hv-Regular.woff[0m [90mUNUSED[0m
│   │   ├── [31mGGX88Hv-Regular.woff2[0m [90mUNUSED[0m
│   │   ├── [31mGGX88Lt-Italic.woff[0m [90mUNUSED[0m
│   │   ├── [31mGGX88Lt-Italic.woff2[0m [90mUNUSED[0m
│   │   ├── [31mGGX88Lt-Regular.woff[0m [90mUNUSED[0m
│   │   ├── [31mGGX88Lt-Regular.woff2[0m [90mUNUSED[0m
│   │   ├── [31mGGX88Rg-Bold.woff[0m [90mUNUSED[0m
│   │   ├── [31mGGX88Rg-Bold.woff2[0m [90mUNUSED[0m
│   │   ├── [31mGGX88Rg-BoldItalic.woff[0m [90mUNUSED[0m
│   │   ├── [31mGGX88Rg-BoldItalic.woff2[0m [90mUNUSED[0m
│   │   ├── [31mGGX88Rg-Italic.woff[0m [90mUNUSED[0m
│   │   ├── [31mGGX88Rg-Italic.woff2[0m [90mUNUSED[0m
│   │   ├── [31mGGX88Rg-Regular.woff[0m [90mUNUSED[0m
│   │   ├── [31mGGX88Rg-Regular.woff2[0m [90mUNUSED[0m
│   │   ├── [31mGGX88Ul-Italic.woff[0m [90mUNUSED[0m
│   │   ├── [31mGGX88Ul-Italic.woff2[0m [90mUNUSED[0m
│   │   ├── [31mGGX88Ul-Regular.woff[0m [90mUNUSED[0m
│   │   ├── [31mGGX88Ul-Regular.woff2[0m [90mUNUSED[0m
│   │   ├── [31mSymbolsNerdFont-Regular.woff[0m [90mUNUSED[0m
│   │   ├── [31mSymbolsNerdFont-Regular.woff2[0m [90mUNUSED[0m
│   │   ├── [31mSymbolsNerdFontMono-Regular.woff[0m [90mUNUSED[0m
│   │   └── [31mSymbolsNerdFontMono-Regular.woff2[0m [90mUNUSED[0m
│   ├── gif/
│   │   ├── [31m1.gif[0m [90mUNUSED[0m
│   │   ├── [31m10.gif[0m [90mUNUSED[0m
│   │   ├── [31m11.gif[0m [90mUNUSED[0m
│   │   ├── [31m2.gif[0m [90mUNUSED[0m
│   │   ├── [31m3.gif[0m [90mUNUSED[0m
│   │   ├── [31m4.gif[0m [90mUNUSED[0m
│   │   ├── [31m5.gif[0m [90mUNUSED[0m
│   │   ├── [31m7.gif[0m [90mUNUSED[0m
│   │   ├── [31m8.gif[0m [90mUNUSED[0m
│   │   ├── [31m9.gif[0m [90mUNUSED[0m
│   │   ├── [31mbh.gif[0m [90mUNUSED[0m
│   │   ├── [31mchemlove.gif[0m [90mUNUSED[0m
│   │   ├── [31mchemlove.mp4[0m [90mUNUSED[0m
│   │   ├── [31mexif.gif.log[0m [90mUNUSED[0m
│   │   ├── [31mforcedenlightenment.gif[0m [90mUNUSED[0m
│   │   ├── [31mforcedenlightenment.mp4[0m [90mUNUSED[0m
│   │   ├── [31mmanifest.json[0m [90mUNUSED[0m
│   │   ├── [31msmtiaie.gif[0m [90mUNUSED[0m
│   │   ├── [31msmtiaie.mp4[0m [90mUNUSED[0m
│   │   ├── [31myfpmms.gif[0m [90mUNUSED[0m
│   │   └── [31myfpmms.mp4[0m [90mUNUSED[0m
│   ├── img/
│   │   ├── gallery/
│   │   │   ├── [31m00001.webp[0m [90mUNUSED[0m
│   │   │   ├── [31m00002.webp[0m [90mUNUSED[0m
│   │   │   ├── [31m00003.webp[0m [90mUNUSED[0m
│   │   │   ├── [31m00004.webp[0m [90mUNUSED[0m
│   │   │   ├── [31m00005.webp[0m [90mUNUSED[0m
│   │   │   ├── [31m00006.webp[0m [90mUNUSED[0m
│   │   │   ├── [31m00007.webp[0m [90mUNUSED[0m
│   │   │   ├── [31m00008.webp[0m [90mUNUSED[0m
│   │   │   ├── [31m00009.webp[0m [90mUNUSED[0m
│   │   │   ├── [31m00010.webp[0m [90mUNUSED[0m
│   │   │   ├── [31m000100.webp[0m [90mUNUSED[0m
│   │   │   ├── [31m000101.webp[0m [90mUNUSED[0m
│   │   │   ├── [31m000102.webp[0m [90mUNUSED[0m
│   │   │   ├── [31m000103.webp[0m [90mUNUSED[0m
│   │   │   ├── [31m000104.webp[0m [90mUNUSED[0m
│   │   │   ├── [31m000105.webp[0m [90mUNUSED[0m
│   │   │   ├── [31m000106.webp[0m [90mUNUSED[0m
│   │   │   ├── [31m000107.webp[0m [90mUNUSED[0m
│   │   │   ├── [31m000108.webp[0m [90mUNUSED[0m
│   │   │   ├── [31m000109.webp[0m [90mUNUSED[0m
│   │   │   ├── [31m00011.webp[0m [90mUNUSED[0m
│   │   │   ├── [31m000110.webp[0m [90mUNUSED[0m
│   │   │   ├── [31m000111.webp[0m [90mUNUSED[0m
│   │   │   ├── [31m000112.webp[0m [90mUNUSED[0m
│   │   │   ├── [31m000113.webp[0m [90mUNUSED[0m
│   │   │   ├── [31m000114.webp[0m [90mUNUSED[0m
│   │   │   ├── [31m000115.webp[0m [90mUNUSED[0m
│   │   │   ├── [31m000116.webp[0m [90mUNUSED[0m
│   │   │   ├── [31m000117.webp[0m [90mUNUSED[0m
│   │   │   ├── [31m000118.webp[0m [90mUNUSED[0m
│   │   │   ├── [31m000119.webp[0m [90mUNUSED[0m
│   │   │   ├── [31m00012.webp[0m [90mUNUSED[0m
│   │   │   ├── [31m000120.webp[0m [90mUNUSED[0m
│   │   │   ├── [31m000121.webp[0m [90mUNUSED[0m
│   │   │   ├── [31m000122.webp[0m [90mUNUSED[0m
│   │   │   ├── [31m000123.webp[0m [90mUNUSED[0m
│   │   │   ├── [31m000124.webp[0m [90mUNUSED[0m
│   │   │   ├── [31m000125.webp[0m [90mUNUSED[0m
│   │   │   ├── [31m000126.webp[0m [90mUNUSED[0m
│   │   │   ├── [31m000127.webp[0m [90mUNUSED[0m
│   │   │   ├── [31m000128.webp[0m [90mUNUSED[0m
│   │   │   ├── [31m000129.webp[0m [90mUNUSED[0m
│   │   │   ├── [31m00013.webp[0m [90mUNUSED[0m
│   │   │   ├── [31m000130.webp[0m [90mUNUSED[0m
│   │   │   ├── [31m000131.webp[0m [90mUNUSED[0m
│   │   │   ├── [31m000132.webp[0m [90mUNUSED[0m
│   │   │   ├── [31m000133.webp[0m [90mUNUSED[0m
│   │   │   ├── [31m000134.webp[0m [90mUNUSED[0m
│   │   │   ├── [31m000135.webp[0m [90mUNUSED[0m
│   │   │   ├── [31m000136.webp[0m [90mUNUSED[0m
│   │   │   ├── [31m000137.webp[0m [90mUNUSED[0m
│   │   │   ├── [31m000138.webp[0m [90mUNUSED[0m
│   │   │   ├── [31m000139.webp[0m [90mUNUSED[0m
│   │   │   ├── [31m00014.webp[0m [90mUNUSED[0m
│   │   │   ├── [31m000140.webp[0m [90mUNUSED[0m
│   │   │   ├── [31m000141.webp[0m [90mUNUSED[0m
│   │   │   ├── [31m000142.webp[0m [90mUNUSED[0m
│   │   │   ├── [31m000143.webp[0m [90mUNUSED[0m
│   │   │   ├── [31m000144.webp[0m [90mUNUSED[0m
│   │   │   ├── [31m000145.webp[0m [90mUNUSED[0m
│   │   │   ├── [31m000146.webp[0m [90mUNUSED[0m
│   │   │   ├── [31m000147.webp[0m [90mUNUSED[0m
│   │   │   ├── [31m000148.webp[0m [90mUNUSED[0m
│   │   │   ├── [31m000149.webp[0m [90mUNUSED[0m
│   │   │   ├── [31m00015.webp[0m [90mUNUSED[0m
│   │   │   ├── [31m000150.webp[0m [90mUNUSED[0m
│   │   │   ├── [31m000151.webp[0m [90mUNUSED[0m
│   │   │   ├── [31m000152.webp[0m [90mUNUSED[0m
│   │   │   ├── [31m000153.webp[0m [90mUNUSED[0m
│   │   │   ├── [31m000154.webp[0m [90mUNUSED[0m
│   │   │   ├── [31m000155.webp[0m [90mUNUSED[0m
│   │   │   ├── [31m000156.webp[0m [90mUNUSED[0m
│   │   │   ├── [31m000157.webp[0m [90mUNUSED[0m
│   │   │   ├── [31m000158.webp[0m [90mUNUSED[0m
│   │   │   ├── [31m000159.webp[0m [90mUNUSED[0m
│   │   │   ├── [31m00016.webp[0m [90mUNUSED[0m
│   │   │   ├── [31m000160.webp[0m [90mUNUSED[0m
│   │   │   ├── [31m000161.webp[0m [90mUNUSED[0m
│   │   │   ├── [31m000162.webp[0m [90mUNUSED[0m
│   │   │   ├── [31m000163.webp[0m [90mUNUSED[0m
│   │   │   ├── [31m000164.webp[0m [90mUNUSED[0m
│   │   │   ├── [31m000165.webp[0m [90mUNUSED[0m
│   │   │   ├── [31m000166.webp[0m [90mUNUSED[0m
│   │   │   ├── [31m000167.webp[0m [90mUNUSED[0m
│   │   │   ├── [31m000168.webp[0m [90mUNUSED[0m
│   │   │   ├── [31m000169.webp[0m [90mUNUSED[0m
│   │   │   ├── [31m00017.webp[0m [90mUNUSED[0m
│   │   │   ├── [31m000170.webp[0m [90mUNUSED[0m
│   │   │   ├── [31m000171.webp[0m [90mUNUSED[0m
│   │   │   ├── [31m000172.webp[0m [90mUNUSED[0m
│   │   │   ├── [31m000173.webp[0m [90mUNUSED[0m
│   │   │   ├── [31m000174.webp[0m [90mUNUSED[0m
│   │   │   ├── [31m000175.webp[0m [90mUNUSED[0m
│   │   │   ├── [31m000176.webp[0m [90mUNUSED[0m
│   │   │   ├── [31m000177.webp[0m [90mUNUSED[0m
│   │   │   ├── [31m000178.webp[0m [90mUNUSED[0m
│   │   │   ├── [31m000179.webp[0m [90mUNUSED[0m
│   │   │   ├── [31m00018.webp[0m [90mUNUSED[0m
│   │   │   ├── [31m000180.webp[0m [90mUNUSED[0m
│   │   │   ├── [31m000181.webp[0m [90mUNUSED[0m
│   │   │   ├── [31m000182.webp[0m [90mUNUSED[0m
│   │   │   ├── [31m000183.webp[0m [90mUNUSED[0m
│   │   │   ├── [31m000184.webp[0m [90mUNUSED[0m
│   │   │   ├── [31m000185.webp[0m [90mUNUSED[0m
│   │   │   ├── [31m000186.webp[0m [90mUNUSED[0m
│   │   │   ├── [31m000187.webp[0m [90mUNUSED[0m
│   │   │   ├── [31m000188.webp[0m [90mUNUSED[0m
│   │   │   ├── [31m000189.webp[0m [90mUNUSED[0m
│   │   │   ├── [31m00019.webp[0m [90mUNUSED[0m
│   │   │   ├── [31m000190.webp[0m [90mUNUSED[0m
│   │   │   ├── [31m000191.webp[0m [90mUNUSED[0m
│   │   │   ├── [31m000192.webp[0m [90mUNUSED[0m
│   │   │   ├── [31m000193.webp[0m [90mUNUSED[0m
│   │   │   ├── [31m000194.webp[0m [90mUNUSED[0m
│   │   │   ├── [31m000195.webp[0m [90mUNUSED[0m
│   │   │   ├── [31m000196.webp[0m [90mUNUSED[0m
│   │   │   ├── [31m000197.webp[0m [90mUNUSED[0m
│   │   │   ├── [31m000198.webp[0m [90mUNUSED[0m
│   │   │   ├── [31m000199.webp[0m [90mUNUSED[0m
│   │   │   ├── [31m00020.webp[0m [90mUNUSED[0m
│   │   │   ├── [31m000200.webp[0m [90mUNUSED[0m
│   │   │   ├── [31m000201.webp[0m [90mUNUSED[0m
│   │   │   ├── [31m000202.webp[0m [90mUNUSED[0m
│   │   │   ├── [31m000203.webp[0m [90mUNUSED[0m
│   │   │   ├── [31m000204.webp[0m [90mUNUSED[0m
│   │   │   ├── [31m000205.webp[0m [90mUNUSED[0m
│   │   │   ├── [31m000206.webp[0m [90mUNUSED[0m
│   │   │   ├── [31m000207.webp[0m [90mUNUSED[0m
│   │   │   ├── [31m000208.webp[0m [90mUNUSED[0m
│   │   │   ├── [31m000209.webp[0m [90mUNUSED[0m
│   │   │   ├── [31m00021.webp[0m [90mUNUSED[0m
│   │   │   ├── [31m000210.webp[0m [90mUNUSED[0m
│   │   │   ├── [31m000211.webp[0m [90mUNUSED[0m
│   │   │   ├── [31m000212.webp[0m [90mUNUSED[0m
│   │   │   ├── [31m000213.webp[0m [90mUNUSED[0m
│   │   │   ├── [31m000214.webp[0m [90mUNUSED[0m
│   │   │   ├── [31m000215.webp[0m [90mUNUSED[0m
│   │   │   ├── [31m000216.webp[0m [90mUNUSED[0m
│   │   │   ├── [31m000217.webp[0m [90mUNUSED[0m
│   │   │   ├── [31m000218.webp[0m [90mUNUSED[0m
│   │   │   ├── [31m000219.webp[0m [90mUNUSED[0m
│   │   │   ├── [31m00022.webp[0m [90mUNUSED[0m
│   │   │   ├── [31m000220.webp[0m [90mUNUSED[0m
│   │   │   ├── [31m000221.webp[0m [90mUNUSED[0m
│   │   │   ├── [31m000222.webp[0m [90mUNUSED[0m
│   │   │   ├── [31m000223.webp[0m [90mUNUSED[0m
│   │   │   ├── [31m000224.webp[0m [90mUNUSED[0m
│   │   │   ├── [31m000225.webp[0m [90mUNUSED[0m
│   │   │   ├── [31m000226.webp[0m [90mUNUSED[0m
│   │   │   ├── [31m000227.webp[0m [90mUNUSED[0m
│   │   │   ├── [31m000228.webp[0m [90mUNUSED[0m
│   │   │   ├── [31m000229.webp[0m [90mUNUSED[0m
│   │   │   ├── [31m00023.webp[0m [90mUNUSED[0m
│   │   │   ├── [31m000230.webp[0m [90mUNUSED[0m
│   │   │   ├── [31m000231.webp[0m [90mUNUSED[0m
│   │   │   ├── [31m000232.webp[0m [90mUNUSED[0m
│   │   │   ├── [31m000233.webp[0m [90mUNUSED[0m
│   │   │   ├── [31m000234.webp[0m [90mUNUSED[0m
│   │   │   ├── [31m000235.webp[0m [90mUNUSED[0m
│   │   │   ├── [31m000236.webp[0m [90mUNUSED[0m
│   │   │   ├── [31m000237.webp[0m [90mUNUSED[0m
│   │   │   ├── [31m000238.webp[0m [90mUNUSED[0m
│   │   │   ├── [31m000239.webp[0m [90mUNUSED[0m
│   │   │   ├── [31m00024.webp[0m [90mUNUSED[0m
│   │   │   ├── [31m000240.webp[0m [90mUNUSED[0m
│   │   │   ├── [31m000241.webp[0m [90mUNUSED[0m
│   │   │   ├── [31m000242.webp[0m [90mUNUSED[0m
│   │   │   ├── [31m000243.webp[0m [90mUNUSED[0m
│   │   │   ├── [31m000244.webp[0m [90mUNUSED[0m
│   │   │   ├── [31m000245.webp[0m [90mUNUSED[0m
│   │   │   ├── [31m000246.webp[0m [90mUNUSED[0m
│   │   │   ├── [31m000247.webp[0m [90mUNUSED[0m
│   │   │   ├── [31m000248.webp[0m [90mUNUSED[0m
│   │   │   ├── [31m000249.webp[0m [90mUNUSED[0m
│   │   │   ├── [31m00025.webp[0m [90mUNUSED[0m
│   │   │   ├── [31m000250.webp[0m [90mUNUSED[0m
│   │   │   ├── [31m000251.webp[0m [90mUNUSED[0m
│   │   │   ├── [31m000252.webp[0m [90mUNUSED[0m
│   │   │   ├── [31m000253.webp[0m [90mUNUSED[0m
│   │   │   ├── [31m000254.webp[0m [90mUNUSED[0m
│   │   │   ├── [31m000255.webp[0m [90mUNUSED[0m
│   │   │   ├── [31m000256.webp[0m [90mUNUSED[0m
│   │   │   ├── [31m000257.webp[0m [90mUNUSED[0m
│   │   │   ├── [31m000258.webp[0m [90mUNUSED[0m
│   │   │   ├── [31m000259.webp[0m [90mUNUSED[0m
│   │   │   ├── [31m00026.webp[0m [90mUNUSED[0m
│   │   │   ├── [31m000260.webp[0m [90mUNUSED[0m
│   │   │   ├── [31m000261.webp[0m [90mUNUSED[0m
│   │   │   ├── [31m000262.webp[0m [90mUNUSED[0m
│   │   │   ├── [31m000263.webp[0m [90mUNUSED[0m
│   │   │   ├── [31m000264.webp[0m [90mUNUSED[0m
│   │   │   ├── [31m000265.webp[0m [90mUNUSED[0m
│   │   │   ├── [31m000266.webp[0m [90mUNUSED[0m
│   │   │   ├── [31m000267.webp[0m [90mUNUSED[0m
│   │   │   ├── [31m000268.webp[0m [90mUNUSED[0m
│   │   │   ├── [31m000269.webp[0m [90mUNUSED[0m
│   │   │   ├── [31m00027.webp[0m [90mUNUSED[0m
│   │   │   ├── [31m000270.webp[0m [90mUNUSED[0m
│   │   │   ├── [31m000271.webp[0m [90mUNUSED[0m
│   │   │   ├── [31m000272.webp[0m [90mUNUSED[0m
│   │   │   ├── [31m000273.webp[0m [90mUNUSED[0m
│   │   │   ├── [31m000277.webp[0m [90mUNUSED[0m
│   │   │   ├── [31m000278.webp[0m [90mUNUSED[0m
│   │   │   ├── [31m000279.webp[0m [90mUNUSED[0m
│   │   │   ├── [31m00028.webp[0m [90mUNUSED[0m
│   │   │   ├── [31m000280.webp[0m [90mUNUSED[0m
│   │   │   ├── [31m000281.webp[0m [90mUNUSED[0m
│   │   │   ├── [31m000282.webp[0m [90mUNUSED[0m
│   │   │   ├── [31m000283.webp[0m [90mUNUSED[0m
│   │   │   ├── [31m000284.webp[0m [90mUNUSED[0m
│   │   │   ├── [31m000285.webp[0m [90mUNUSED[0m
│   │   │   ├── [31m000286.webp[0m [90mUNUSED[0m
│   │   │   ├── [31m000287.webp[0m [90mUNUSED[0m
│   │   │   ├── [31m000288.webp[0m [90mUNUSED[0m
│   │   │   ├── [31m000289.webp[0m [90mUNUSED[0m
│   │   │   ├── [31m00029.webp[0m [90mUNUSED[0m
│   │   │   ├── [31m000290.webp[0m [90mUNUSED[0m
│   │   │   ├── [31m000291.webp[0m [90mUNUSED[0m
│   │   │   ├── [31m000292.webp[0m [90mUNUSED[0m
│   │   │   ├── [31m000293.webp[0m [90mUNUSED[0m
│   │   │   ├── [31m000294.webp[0m [90mUNUSED[0m
│   │   │   ├── [31m000295.webp[0m [90mUNUSED[0m
│   │   │   ├── [31m000296.webp[0m [90mUNUSED[0m
│   │   │   ├── [31m000297.webp[0m [90mUNUSED[0m
│   │   │   ├── [31m000298.webp[0m [90mUNUSED[0m
│   │   │   ├── [31m000299.webp[0m [90mUNUSED[0m
│   │   │   ├── [31m00030.webp[0m [90mUNUSED[0m
│   │   │   ├── [31m00031.webp[0m [90mUNUSED[0m
│   │   │   ├── [31m00032.webp[0m [90mUNUSED[0m
│   │   │   ├── [31m00033.webp[0m [90mUNUSED[0m
│   │   │   ├── [31m00034.webp[0m [90mUNUSED[0m
│   │   │   ├── [31m00035.webp[0m [90mUNUSED[0m
│   │   │   ├── [31m00036.webp[0m [90mUNUSED[0m
│   │   │   ├── [31m00037.webp[0m [90mUNUSED[0m
│   │   │   ├── [31m00038.webp[0m [90mUNUSED[0m
│   │   │   ├── [31m00039.webp[0m [90mUNUSED[0m
│   │   │   ├── [31m00040.webp[0m [90mUNUSED[0m
│   │   │   ├── [31m00041.webp[0m [90mUNUSED[0m
│   │   │   ├── [31m00042.webp[0m [90mUNUSED[0m
│   │   │   ├── [31m00043.webp[0m [90mUNUSED[0m
│   │   │   ├── [31m00044.webp[0m [90mUNUSED[0m
│   │   │   ├── [31m00045.webp[0m [90mUNUSED[0m
│   │   │   ├── [31m00046.webp[0m [90mUNUSED[0m
│   │   │   ├── [31m00047.webp[0m [90mUNUSED[0m
│   │   │   ├── [31m00048.webp[0m [90mUNUSED[0m
│   │   │   ├── [31m00049.webp[0m [90mUNUSED[0m
│   │   │   ├── [31m00050.webp[0m [90mUNUSED[0m
│   │   │   ├── [31m00051.webp[0m [90mUNUSED[0m
│   │   │   ├── [31m00052.webp[0m [90mUNUSED[0m
│   │   │   ├── [31m00053.webp[0m [90mUNUSED[0m
│   │   │   ├── [31m00054.webp[0m [90mUNUSED[0m
│   │   │   ├── [31m00055.webp[0m [90mUNUSED[0m
│   │   │   ├── [31m00056.webp[0m [90mUNUSED[0m
│   │   │   ├── [31m00057.webp[0m [90mUNUSED[0m
│   │   │   ├── [31m00058.webp[0m [90mUNUSED[0m
│   │   │   ├── [31m00059.webp[0m [90mUNUSED[0m
│   │   │   ├── [31m00060.webp[0m [90mUNUSED[0m
│   │   │   ├── [31m00061.webp[0m [90mUNUSED[0m
│   │   │   ├── [31m00062.webp[0m [90mUNUSED[0m
│   │   │   ├── [31m00063.webp[0m [90mUNUSED[0m
│   │   │   ├── [31m00064.webp[0m [90mUNUSED[0m
│   │   │   ├── [31m00065.webp[0m [90mUNUSED[0m
│   │   │   ├── [31m00066.webp[0m [90mUNUSED[0m
│   │   │   ├── [31m00067.webp[0m [90mUNUSED[0m
│   │   │   ├── [31m00068.webp[0m [90mUNUSED[0m
│   │   │   ├── [31m00069.webp[0m [90mUNUSED[0m
│   │   │   ├── [31m00070.webp[0m [90mUNUSED[0m
│   │   │   ├── [31m00071.webp[0m [90mUNUSED[0m
│   │   │   ├── [31m00072.webp[0m [90mUNUSED[0m
│   │   │   ├── [31m00073.webp[0m [90mUNUSED[0m
│   │   │   ├── [31m00074.webp[0m [90mUNUSED[0m
│   │   │   ├── [31m00075.webp[0m [90mUNUSED[0m
│   │   │   ├── [31m00076.webp[0m [90mUNUSED[0m
│   │   │   ├── [31m00077.webp[0m [90mUNUSED[0m
│   │   │   ├── [31m00078.webp[0m [90mUNUSED[0m
│   │   │   ├── [31m00079.webp[0m [90mUNUSED[0m
│   │   │   ├── [31m00080.webp[0m [90mUNUSED[0m
│   │   │   ├── [31m00081.webp[0m [90mUNUSED[0m
│   │   │   ├── [31m00082.webp[0m [90mUNUSED[0m
│   │   │   ├── [31m00083.webp[0m [90mUNUSED[0m
│   │   │   ├── [31m00084.webp[0m [90mUNUSED[0m
│   │   │   ├── [31m00085.webp[0m [90mUNUSED[0m
│   │   │   ├── [31m00086.webp[0m [90mUNUSED[0m
│   │   │   ├── [31m00087.webp[0m [90mUNUSED[0m
│   │   │   ├── [31m00088.webp[0m [90mUNUSED[0m
│   │   │   ├── [31m00089.webp[0m [90mUNUSED[0m
│   │   │   ├── [31m00090.webp[0m [90mUNUSED[0m
│   │   │   ├── [31m00091.webp[0m [90mUNUSED[0m
│   │   │   ├── [31m00092.webp[0m [90mUNUSED[0m
│   │   │   ├── [31m00093.webp[0m [90mUNUSED[0m
│   │   │   ├── [31m00094.webp[0m [90mUNUSED[0m
│   │   │   ├── [31m00095.webp[0m [90mUNUSED[0m
│   │   │   ├── [31m00096.webp[0m [90mUNUSED[0m
│   │   │   ├── [31m00097.webp[0m [90mUNUSED[0m
│   │   │   ├── [31m00098.webp[0m [90mUNUSED[0m
│   │   │   ├── [31m00099.webp[0m [90mUNUSED[0m
│   │   │   ├── [31m58dbd800-7ccf-408a-a2bb-d45ad8cf391b.webp[0m [90mUNUSED[0m
│   │   │   ├── [31m76cfba80-e2b9-4c69-92ae-4c681e946c15.webp[0m [90mUNUSED[0m
│   │   │   ├── [31malexshowprev1.webp[0m [90mUNUSED[0m
│   │   │   ├── [31mbootcampfix_e1.webp[0m [90mUNUSED[0m
│   │   │   ├── [31mbsc-1.webp[0m [90mUNUSED[0m
│   │   │   ├── [31mbuy.webp[0m [90mUNUSED[0m
│   │   │   ├── [31mcandyv4.1prev.webp[0m [90mUNUSED[0m
│   │   │   ├── [31mcd_12e2.webp[0m [90mUNUSED[0m
│   │   │   ├── [31mcd_5.webp[0m [90mUNUSED[0m
│   │   │   ├── [31mcd_9.webp[0m [90mUNUSED[0m
│   │   │   ├── [31mdjss_2.webp[0m [90mUNUSED[0m
│   │   │   ├── [31mdjssgfkpost.webp[0m [90mUNUSED[0m
│   │   │   ├── [31mdown3.webp[0m [90mUNUSED[0m
│   │   │   ├── [31mexif.gallery.log[0m [90mUNUSED[0m
│   │   │   ├── [31mexiftool.gallery.log[0m [90mUNUSED[0m
│   │   │   ├── [31mfc5934bd-87c1-4f45-8606-2275317b23f6.webp[0m [90mUNUSED[0m
│   │   │   ├── [31mfg_3.webp[0m [90mUNUSED[0m
│   │   │   ├── [31mfistmixfront1.webp[0m [90mUNUSED[0m
│   │   │   ├── [31mfodcd.webp[0m [90mUNUSED[0m
│   │   │   ├── [31mforever_v4edit.webp[0m [90mUNUSED[0m
│   │   │   ├── [31mgs.webp[0m [90mUNUSED[0m
│   │   │   ├── [31mimg_2192.webp[0m [90mUNUSED[0m
│   │   │   ├── [31mimg_5507.webp[0m [90mUNUSED[0m
│   │   │   ├── [31mimg_8106.webp[0m [90mUNUSED[0m
│   │   │   ├── [31mmain-alt-text.webp[0m [90mUNUSED[0m
│   │   │   ├── [31mmitb2.webp[0m [90mUNUSED[0m
│   │   │   ├── [31mnl_3.webp[0m [90mUNUSED[0m
│   │   │   ├── [31mnl_8edit.webp[0m [90mUNUSED[0m
│   │   │   ├── [31mnlposter1.webp[0m [90mUNUSED[0m
│   │   │   ├── [31moct7-flyerv1.webp[0m [90mUNUSED[0m
│   │   │   ├── [31morchadsvf11.webp[0m [90mUNUSED[0m
│   │   │   ├── [31mpog_new2.webp[0m [90mUNUSED[0m
│   │   │   ├── [31mposter.webp[0m [90mUNUSED[0m
│   │   │   ├── [31mscan_1011.webp[0m [90mUNUSED[0m
│   │   │   ├── [31mscan_104.webp[0m [90mUNUSED[0m
│   │   │   ├── [31mscan_107.webp[0m [90mUNUSED[0m
│   │   │   ├── [31mscan_111.webp[0m [90mUNUSED[0m
│   │   │   ├── [31mscan_118.webp[0m [90mUNUSED[0m
│   │   │   ├── [31mscan_12.webp[0m [90mUNUSED[0m
│   │   │   ├── [31mscan_120-recovered.webp[0m [90mUNUSED[0m
│   │   │   ├── [31mscan_133e2.webp[0m [90mUNUSED[0m
│   │   │   ├── [31mscan_14b.webp[0m [90mUNUSED[0m
│   │   │   ├── [31mscan_221.webp[0m [90mUNUSED[0m
│   │   │   ├── [31mscan_226_copy.webp[0m [90mUNUSED[0m
│   │   │   ├── [31mscan_41.webp[0m [90mUNUSED[0m
│   │   │   ├── [31mscan_46e.webp[0m [90mUNUSED[0m
│   │   │   ├── [31mscan_5.webp[0m [90mUNUSED[0m
│   │   │   ├── [31mscan_60.webp[0m [90mUNUSED[0m
│   │   │   ├── [31mscan_7.webp[0m [90mUNUSED[0m
│   │   │   ├── [31msd_0913.webp[0m [90mUNUSED[0m
│   │   │   ├── [31msd_7.webp[0m [90mUNUSED[0m
│   │   │   ├── [31msp-str-back.webp[0m [90mUNUSED[0m
│   │   │   ├── [31munix666-01a.webp[0m [90mUNUSED[0m
│   │   │   ├── [31munix666-01b.webp[0m [90mUNUSED[0m
│   │   │   ├── [31munix666-02a.webp[0m [90mUNUSED[0m
│   │   │   ├── [31munix666-02b.webp[0m [90mUNUSED[0m
│   │   │   ├── [31munix666-03a.webp[0m [90mUNUSED[0m
│   │   │   ├── [31munix666-03b.webp[0m [90mUNUSED[0m
│   │   │   ├── [31munix666-04a.webp[0m [90mUNUSED[0m
│   │   │   ├── [31munix666-04b.webp[0m [90mUNUSED[0m
│   │   │   ├── [31munix666-05a.webp[0m [90mUNUSED[0m
│   │   │   ├── [31munix666-05b.webp[0m [90mUNUSED[0m
│   │   │   ├── [31munix666-06a.webp[0m [90mUNUSED[0m
│   │   │   ├── [31munix666-06b.webp[0m [90mUNUSED[0m
│   │   │   ├── [31mxerox_74_2.webp[0m [90mUNUSED[0m
│   │   │   └── [31mxxx_5.webp[0m [90mUNUSED[0m
│   │   ├── load/
│   │   │   ├── [31mload.gif[0m [90mUNUSED[0m
│   │   │   ├── [31mloading01.jpg[0m [90mUNUSED[0m
│   │   │   ├── [31mloading02.jpg[0m [90mUNUSED[0m
│   │   │   ├── [31mloading03.jpg[0m [90mUNUSED[0m
│   │   │   ├── [31mloading04.jpg[0m [90mUNUSED[0m
│   │   │   ├── [31mloading05.jpg[0m [90mUNUSED[0m
│   │   │   ├── [31mloading06.jpg[0m [90mUNUSED[0m
│   │   │   ├── [31mloading07.jpg[0m [90mUNUSED[0m
│   │   │   ├── [31mloading08.jpg[0m [90mUNUSED[0m
│   │   │   ├── [31mloading09.jpg[0m [90mUNUSED[0m
│   │   │   ├── [31mloading10.jpg[0m [90mUNUSED[0m
│   │   │   └── [31mloading11.jpg[0m [90mUNUSED[0m
│   │   ├── rooms/
│   │   │   ├── [31mleft-mobile.png[0m [90mUNUSED[0m
│   │   │   └── [31mright-mobile.png[0m [90mUNUSED[0m
│   │   ├── void/
│   │   │   ├── [31m.DS_Store[0m [90mUNUSED[0m
│   │   │   ├── [31macross.png[0m [90mUNUSED[0m
│   │   │   ├── [31mbuilding01.png[0m [90mUNUSED[0m
│   │   │   ├── [31mbuilding02.png[0m [90mUNUSED[0m
│   │   │   ├── [31mbuilding03.png[0m [90mUNUSED[0m
│   │   │   ├── [31mbuilding04.png[0m [90mUNUSED[0m
│   │   │   ├── [31mbuilding05.png[0m [90mUNUSED[0m
│   │   │   ├── [31mbuilding06.png[0m [90mUNUSED[0m
│   │   │   ├── [31mbuilding07.png[0m [90mUNUSED[0m
│   │   │   ├── [31mbuilding08.png[0m [90mUNUSED[0m
│   │   │   ├── [31mbuilding09.png[0m [90mUNUSED[0m
│   │   │   ├── [31mcanalport-mask.png[0m [90mUNUSED[0m
│   │   │   ├── [31moob-mask.png[0m [90mUNUSED[0m
│   │   │   ├── [31mpanorama-mask.png[0m [90mUNUSED[0m
│   │   │   ├── [31mpanorama.png[0m [90mUNUSED[0m
│   │   │   ├── [31mskyline.png[0m [90mUNUSED[0m
│   │   │   └── [31mskyline2.png[0m [90mUNUSED[0m
│   │   ├── [31m.DS_Store[0m [90mUNUSED[0m
│   │   ├── [31m002.jpg[0m [90mUNUSED[0m
│   │   ├── [31maerial-tp.png[0m [90mUNUSED[0m
│   │   ├── [31maerial.bak.png[0m [90mUNUSED[0m
│   │   ├── [32maerial.gif[0m [90mKEEP[0m
│   │   ├── [32maerial.png[0m [90mKEEP[0m
│   │   ├── [31magbutton.mp4[0m [90mUNUSED[0m
│   │   ├── [31mattn.png[0m [90mUNUSED[0m
│   │   ├── [31mbpp-6004.jpg[0m [90mUNUSED[0m
│   │   ├── [32mbuttin.jpg[0m [90mKEEP[0m
│   │   ├── [31mbuttin.png[0m [90mUNUSED[0m
│   │   ├── [31mdeadcity.png[0m [90mUNUSED[0m
│   │   ├── [31mdjssdc.png[0m [90mUNUSED[0m
│   │   ├── [32menter-button.png[0m [90mKEEP[0m
│   │   ├── [31menter-transparency2.png[0m [90mUNUSED[0m
│   │   ├── [31menter.gif[0m [90mUNUSED[0m
│   │   ├── [31mescbannerclick.png[0m [90mUNUSED[0m
│   │   ├── [31mexif.img.log[0m [90mUNUSED[0m
│   │   ├── [31mexiftool.img.log[0m [90mUNUSED[0m
│   │   ├── [31mhands copy.png[0m [90mUNUSED[0m
│   │   ├── [31mhands.png[0m [90mUNUSED[0m
│   │   ├── [31mimg_8106 copy.jpg[0m [90mUNUSED[0m
│   │   ├── [31mitp.jpg[0m [90mUNUSED[0m
│   │   ├── [31mkey008.jpg[0m [90mUNUSED[0m
│   │   ├── [32mload.gif[0m [90mKEEP[0m
│   │   ├── [31mmansoncave.jpg[0m [90mUNUSED[0m
│   │   ├── [31mme.jpg[0m [90mUNUSED[0m
│   │   ├── [31mminicdr-small.png[0m [90mUNUSED[0m
│   │   ├── [31mmirror back.png[0m [90mUNUSED[0m
│   │   ├── [31mmirror.png[0m [90mUNUSED[0m
│   │   ├── [31mna.jpg[0m [90mUNUSED[0m
│   │   ├── [31mnr.png[0m [90mUNUSED[0m
│   │   ├── [31mobs.jpg[0m [90mUNUSED[0m
│   │   ├── [31mocean.jpg[0m [90mUNUSED[0m
│   │   ├── [31mocean.png[0m [90mUNUSED[0m
│   │   ├── [31mph008.jpg[0m [90mUNUSED[0m
│   │   ├── [31mposter.png[0m [90mUNUSED[0m
│   │   ├── [31mpreview.png[0m [90mUNUSED[0m
│   │   ├── [31mrecycled.jpg[0m [90mUNUSED[0m
│   │   ├── [31mright-view.png[0m [90mUNUSED[0m
│   │   ├── [31mtb207.jpg[0m [90mUNUSED[0m
│   │   ├── [31mtour.jpg[0m [90mUNUSED[0m
│   │   ├── [31munix666-12.jpg[0m [90mUNUSED[0m
│   │   ├── [31munix666-13.jpg[0m [90mUNUSED[0m
│   │   ├── [31munix666-14.jpg[0m [90mUNUSED[0m
│   │   ├── [31munix666-16.jpg[0m [90mUNUSED[0m
│   │   ├── [31munix666-17.jpg[0m [90mUNUSED[0m
│   │   ├── [31munix666-18.jpg[0m [90mUNUSED[0m
│   │   ├── [31munix66605.jpg[0m [90mUNUSED[0m
│   │   ├── [31munix66606.jpeg[0m [90mUNUSED[0m
│   │   └── [31munix66620.jpg[0m [90mUNUSED[0m
│   ├── mov/
│   │   ├── mapped/
│   │   │   ├── [31malbionhouse.webm[0m [90mUNUSED[0m
│   │   │   ├── [31mchemlove.webm[0m [90mUNUSED[0m
│   │   │   ├── [31mcrywolf.webm[0m [90mUNUSED[0m
│   │   │   ├── [31memptybottle.webm[0m [90mUNUSED[0m
│   │   │   ├── [31mforcedenlightenment_1.webm[0m [90mUNUSED[0m
│   │   │   ├── [31mforcedenlightenment_2.webm[0m [90mUNUSED[0m
│   │   │   ├── [31mgrate.webm[0m [90mUNUSED[0m
│   │   │   ├── [31mlotusmotel.webm[0m [90mUNUSED[0m
│   │   │   ├── [31mmattlistendarkenlightenmenttrack.webm[0m [90mUNUSED[0m
│   │   │   ├── [31msmtiaie.webm[0m [90mUNUSED[0m
│   │   │   ├── [31mthom_1.webm[0m [90mUNUSED[0m
│   │   │   ├── [31mthom_2.webm[0m [90mUNUSED[0m
│   │   │   ├── [31muntitled.webm[0m [90mUNUSED[0m
│   │   │   ├── [31muwmadison.webm[0m [90mUNUSED[0m
│   │   │   ├── [31myfpmms.webm[0m [90mUNUSED[0m
│   │   │   └── [31mz-1.webm[0m [90mUNUSED[0m
│   │   ├── [31m.DS_Store[0m [90mUNUSED[0m
│   │   ├── [31mbh2.webm[0m [90mUNUSED[0m
│   │   ├── [31mearth.webm[0m [90mUNUSED[0m
│   │   └── [31mfly.webm[0m [90mUNUSED[0m
│   ├── nfo/
│   │   └── [31mcv.nfo[0m [90mUNUSED[0m
│   ├── [31m.DS_Store[0m [90mUNUSED[0m
│   └── [31maerial.png[0m [90mUNUSED[0m
├── lib/
│   └── [31mbutterchurn.js[0m [90mUNUSED[0m
├── modes/
│   ├── [32mmode-left.js[0m [90mKEEP[0m
│   ├── [32mmode-right.js[0m [90mKEEP[0m
│   ├── [31mmode-right.js.bak[0m [90mUNUSED[0m
│   ├── [32mmode1.js[0m [90mKEEP[0m
│   ├── [32mmode2.js[0m [90mKEEP[0m
│   ├── [32mmode3.js[0m [90mKEEP[0m
│   ├── [32mmode4.js[0m [90mKEEP[0m
│   ├── [32mmode5.js[0m [90mKEEP[0m
│   ├── [32mmode6.js[0m [90mKEEP[0m
│   ├── [32mmode7.js[0m [90mKEEP[0m
│   ├── [32mmode8.js[0m [90mKEEP[0m
│   └── [32mmodes_core.js[0m [90mKEEP[0m
├── [31m.DS_Store[0m [90mUNUSED[0m
├── [31m.gitattributes[0m [90mUNUSED[0m
├── [31m.gitignore[0m [90mUNUSED[0m
├── [31mA[0m [90mUNUSED[0m
├── [31mCNAME[0m [90mUNUSED[0m
├── [32mengine.js[0m [90mKEEP[0m
├── [32mgallery.js[0m [90mKEEP[0m
├── [32mindex.html[0m [90mKEEP[0m
├── [32mplayer.js[0m [90mKEEP[0m
├── [31mproon.log[0m [90mUNUSED[0m
└── [32mvideos.js[0m [90mKEEP[0m

Kept: 21   Unused: 737
